// Jest Snapshot v1, https://goo.gl/fbAQLP

exports[`should render expense list items 1`] = `
<Link
  className="list-item"
  replace={false}
  to="/edit/staticIdforthistest"
>
  <div>
    <h3
      className="list-item__title"
    >
      rent
    </h3>
    <span
      className="list-item__sub-title"
    >
      January 1st, 1970
    </span>
  </div>
  <h3
    className="list-item__data"
  >
    $15.00
  </h3>
</Link>
`;
