// Jest Snapshot v1, https://goo.gl/fbAQLP

exports[`should render Dashboard page 1`] = `
<div>
  <ExpensesSummary />
  <React.Memo />
  <React.Memo />
</div>
`;
